2026-07-22 22:12:43.933 | ERROR    | facebook_graph:write_post:55 - Failed to post: {"error":{"message":"Error validating access token: The session is invalid because the user logged out.","type":"OAuthException","code":190,"error_subcode":467,"fbtrace_id":"Akgfhoz4kcAkGl3Kh963ivq"}}
2026-07-22 23:12:38.661 | SUCCESS  | __main__:write_post:43 - Successfully posted: 969199646286338_122118100610847307
2026-07-23 20:07:20.731 | SUCCESS  | __main__:write_post:62 - Successfully posted: 969199646286338_122118199130847307
2026-07-23 21:41:05.045 | SUCCESS  | __main__:write_post:67 - Successfully posted: 969199646286338_122118204776847307
2026-07-23 22:14:44.337 | SUCCESS  | __main__:write_post:73 - Successfully posted: 969199646286338_122118207968847307
2026-07-23 23:45:04.234 | SUCCESS  | __main__:write_post:73 - Successfully posted: 969199646286338_122118212588847307
2026-07-24 17:28:01.838 | SUCCESS  | __main__:write_post:100 - Successfully posted: 969199646286338_122118307154847307
2026-07-24 17:31:39.324 | SUCCESS  | __main__:write_post:101 - Successfully posted: 969199646286338_122118307418847307
2026-07-24 17:32:31.619 | SUCCESS  | __main__:write_post:101 - Successfully posted: 969199646286338_122118307790847307
2026-07-24 23:41:48.810 | SUCCESS  | __main__:write_post:101 - Successfully posted: 969199646286338_122118332828847307
2026-07-24 23:41:51.944 | SUCCESS  | __main__:write_post:101 - Successfully posted: 969199646286338_122118332840847307
2026-07-26 20:38:26.892 | SUCCESS  | __main__:write_post:101 - Successfully posted: 969199646286338_122118553262847307
2026-07-26 23:45:34.834 | SUCCESS  | __main__:write_post:101 - Successfully posted: 969199646286338_122118565232847307
2026-07-27 23:16:44.199 | SUCCESS  | __main__:write_post:101 - Successfully posted: 969199646286338_122118660452847307
2026-07-29 19:59:42.969 | SUCCESS  | __main__:write_post:101 - Successfully posted: 969199646286338_122118856958847307
2026-07-29 21:58:51.981 | SUCCESS  | __main__:write_post:101 - Successfully posted: 969199646286338_122118865178847307
2026-07-29 22:41:07.378 | SUCCESS  | __main__:write_post:101 - Successfully posted: 969199646286338_122118868412847307
2026-07-29 23:08:00.029 | SUCCESS  | __main__:write_post:101 - Successfully posted: 969199646286338_122118870176847307
2026-07-30 23:21:41.336 | SUCCESS  | __main__:write_post:101 - Successfully posted: 969199646286338_122118984218847307
2026-07-30 23:57:02.377 | SUCCESS  | __main__:write_post:101 - Successfully posted: 969199646286338_122118987488847307
2026-07-31 20:17:50.628 | SUCCESS  | __main__:write_post:101 - Successfully posted: 969199646286338_122119084070847307
2026-08-03 14:42:02.786 | SUCCESS  | __main__:write_post:103 - Successfully posted: 969199646286338_122119422698847307
2026-08-14 16:31:11.220 | SUCCESS  | __main__:write_post:103 - Successfully posted: 969199646286338_122120638628847307
2026-08-14 16:54:05.633 | SUCCESS  | __main__:write_post:103 - Successfully posted: 969199646286338_122120641328847307
2026-08-14 16:55:40.386 | SUCCESS  | __main__:write_post:103 - Successfully posted: 969199646286338_122120641622847307
2026-08-14 16:55:40.388 | INFO     | __main__:post_cirucci:116 - Posted Illuminati Unmasked 'Illuminati Unmasked...' 
2026-08-14 16:56:12.287 | SUCCESS  | __main__:write_post:103 - Successfully posted: 969199646286338_122120641958847307
2026-08-14 16:56:12.288 | INFO     | __main__:post_cirucci:116 - Posted Illuminati Unmasked 'When the son of Sina...' 
2026-08-14 20:46:37.887 | SUCCESS  | __main__:write_post:112 - Successfully posted: 969199646286338_122120656664847307
2026-08-14 20:52:51.705 | SUCCESS  | __main__:write_post:112 - Successfully posted: 969199646286338_122120657798847307
2026-08-14 22:44:04.211 | SUCCESS  | __main__:write_post:112 - Successfully posted: 969199646286338_122120666060847307
2026-08-22 20:47:16.018 | SUCCESS  | __main__:write_post:112 - Successfully posted: 969199646286338_122121537962847307
2026-08-22 20:58:29.207 | SUCCESS  | __main__:write_post:117 - Successfully posted: 969199646286338_122121538754847307
2026-08-22 21:29:08.445 | SUCCESS  | facebook_graph:write_post:117 - Successfully posted: 969199646286338_122121549260847307
2026-08-22 21:40:04.893 | SUCCESS  | facebook_graph:write_post:117 - Successfully posted: 969199646286338_122121550268847307
2026-08-22 21:40:05.060 | INFO     | __main__:std_post:10 - Title: Francisco Ribera: The Jesuit Godfather of Futurism / DispensationalismPassage: In the late Middle A
